
Memory Configuration

Name             Origin             Length             Attributes
*default*        0x00000000         0xffffffff

Linker script and memory map

LOAD build/jtag.o
LOAD build/framebuffer.o
LOAD build/draw.o
LOAD build/main.o
LOAD build/logic.o
LOAD build/SNESdriver.o
LOAD uart.o
LOAD gpio.o

.init           0x00008000        0x4
 *(.init)
 .init          0x00008000        0x0 build/draw.o
 .init          0x00008000        0x4 build/main.o
                0x00008000                _start

.data           0x00009080    0x4b678
 *(.data)
 .data          0x00009080        0x0 build/jtag.o
 .data          0x00009080       0x40 build/framebuffer.o
                0x000090b0                FrameBufferPointer
 .data          0x000090c0    0x4b270 build/draw.o
                0x000090c0                titleName
                0x000090dc                titleStart
                0x000090e8                titleQuit
                0x000090f4                stringScore
                0x000090fc                stringLives
                0x00009104                bomberman
                0x00009908                greenFill
                0x0000a10c                hardBlock
                0x0000a910                blackFill
                0x0000b114                arrow
                0x0000b918                titleImageSize
                0x00026040                PauseScreen
 .data          0x00054330        0x0 build/main.o
 .data          0x00054330      0x3c8 build/logic.o
                0x000546f0                gameState
                0x000546f2                mmGameState
 .data          0x000546f8        0x0 build/SNESdriver.o
 .data          0x000546f8        0x0 uart.o
 .data          0x000546f8        0x0 gpio.o
 *.c.o(*)

.igot.plt       0x000546f8        0x0
 .igot.plt      0x00000000        0x0 build/jtag.o

.text           0x000546f8      0xe24
 *.c.o(.text)
 *(.text)
 .text          0x000546f8       0x8c build/jtag.o
                0x000546f8                EnableJTAG
 .text          0x00054784       0x70 build/framebuffer.o
                0x00054784                InitFrameBuffer
 .text          0x000547f4      0x2a4 build/draw.o
                0x000547f4                DrawPixel
                0x00054814                Draw
                0x0005483c                horizontal
                0x0005485c                vertical
                0x00054870                imageComplete
                0x00054878                DrawChar
                0x00054890                charLoop$
                0x0005489c                rowLoop$
                0x000548b4                noPixel$
                0x000548d4                DrawMessage
                0x000548ec                readChar
                0x00054910                messageComplete
                0x00054918                drawScreen
                0x00054a68                printBomberSpawn
 .text          0x00054a98       0x1c build/main.o
 .text          0x00054ab4      0x668 build/logic.o
                0x00054ae0                startScreen
                0x00054b40                ControllerCheck
                0x00054b7c                InstallIntTable
                0x0005501c                gameStart
 .text          0x0005511c      0x174 build/SNESdriver.o
                0x0005511c                InitSNES
                0x00055154                Init_GPIO
                0x00055198                Write_Latch
                0x000551b4                Write_Clock
                0x000551d0                Read_Data
                0x000551f4                Wait
                0x00055210                Read_SNES
 .text          0x00055290      0x1b4 uart.o
                0x00055290                InitUART
                0x00055350                PutCharUART
                0x0005536c                GetCharUART
                0x00055388                WriteStringUART
                0x000553b4                ReadLineUART
 .text          0x00055444       0xd8 gpio.o
                0x00055444                GetGpioAddress
                0x0005544c                SetGpioFunction
                0x00055498                SetGpio
                0x000554d4                GetGpio
OUTPUT(build/output.elf elf32-littlearm)

.glue_7         0x0005551c        0x0
 .glue_7        0x00000000        0x0 linker stubs

.glue_7t        0x0005551c        0x0
 .glue_7t       0x00000000        0x0 linker stubs

.vfp11_veneer   0x0005551c        0x0
 .vfp11_veneer  0x00000000        0x0 linker stubs

.v4_bx          0x0005551c        0x0
 .v4_bx         0x00000000        0x0 linker stubs

.iplt           0x0005551c        0x0
 .iplt          0x00000000        0x0 build/jtag.o

.rel.dyn        0x0005551c        0x0
 .rel.iplt      0x00000000        0x0 build/jtag.o

.bss            0x0005551c        0x0
 .bss           0x0005551c        0x0 build/jtag.o
 .bss           0x0005551c        0x0 build/framebuffer.o
 .bss           0x0005551c        0x0 build/draw.o
 .bss           0x0005551c        0x0 build/main.o
 .bss           0x0005551c        0x0 build/logic.o
 .bss           0x0005551c        0x0 build/SNESdriver.o
 .bss           0x0005551c        0x0 uart.o
 .bss           0x0005551c        0x0 gpio.o

.ARM.attributes
                0x00000000       0x26
 .ARM.attributes
                0x00000000       0x26 build/jtag.o
 .ARM.attributes
                0x00000026       0x26 build/framebuffer.o
 .ARM.attributes
                0x0000004c       0x26 build/draw.o
 .ARM.attributes
                0x00000072       0x26 build/main.o
 .ARM.attributes
                0x00000098       0x26 build/logic.o
 .ARM.attributes
                0x000000be       0x26 build/SNESdriver.o
 .ARM.attributes
                0x000000e4       0x26 uart.o
 .ARM.attributes
                0x0000010a       0x26 gpio.o

.debug_line     0x00000000      0x5f4
 .debug_line    0x00000000       0x61 build/jtag.o
 .debug_line    0x00000061       0x64 build/framebuffer.o
 .debug_line    0x000000c5       0xf4 build/draw.o
 .debug_line    0x000001b9       0x50 build/main.o
 .debug_line    0x00000209      0x218 build/logic.o
 .debug_line    0x00000421       0xa4 build/SNESdriver.o
 .debug_line    0x000004c5       0xb6 uart.o
 .debug_line    0x0000057b       0x79 gpio.o

.debug_info     0x00000000      0x331
 .debug_info    0x00000000       0x69 build/jtag.o
 .debug_info    0x00000069       0x70 build/framebuffer.o
 .debug_info    0x000000d9       0x68 build/draw.o
 .debug_info    0x00000141       0x65 build/main.o
 .debug_info    0x000001a6       0x65 build/logic.o
 .debug_info    0x0000020b       0x60 build/SNESdriver.o
 .debug_info    0x0000026b       0x63 uart.o
 .debug_info    0x000002ce       0x63 gpio.o

.debug_abbrev   0x00000000       0x9c
 .debug_abbrev  0x00000000       0x14 build/jtag.o
 .debug_abbrev  0x00000014       0x14 build/framebuffer.o
 .debug_abbrev  0x00000028       0x14 build/draw.o
 .debug_abbrev  0x0000003c       0x12 build/main.o
 .debug_abbrev  0x0000004e       0x12 build/logic.o
 .debug_abbrev  0x00000060       0x14 build/SNESdriver.o
 .debug_abbrev  0x00000074       0x14 uart.o
 .debug_abbrev  0x00000088       0x14 gpio.o

.debug_aranges  0x00000000      0x110
 .debug_aranges
                0x00000000       0x20 build/jtag.o
 .debug_aranges
                0x00000020       0x20 build/framebuffer.o
 .debug_aranges
                0x00000040       0x20 build/draw.o
 .debug_aranges
                0x00000060       0x28 build/main.o
 .debug_aranges
                0x00000088       0x28 build/logic.o
 .debug_aranges
                0x000000b0       0x20 build/SNESdriver.o
 .debug_aranges
                0x000000d0       0x20 uart.o
 .debug_aranges
                0x000000f0       0x20 gpio.o

.debug_ranges   0x00000000       0x40
 .debug_ranges  0x00000000       0x20 build/main.o
 .debug_ranges  0x00000020       0x20 build/logic.o
